MPLINK 5.08, LINKER
Linker Map File - Created Fri Jan 27 03:59:17 2017

                                 Section Info
                  Section       Type    Address   Location Size(Bytes)
                ---------  ---------  ---------  ---------  ---------
                 RES_VECT       code   0x000000    program   0x000030
                   .cinit    romdata   0x000018    program   0x000004
                    .code       code   0x00001a    program   0x0006ee
                MAIN_PROG       code   0x000391    program   0x000086
.config_8007_BUILD/DEFAULT/DEBUG/CONFIG.O       code   0x008007    program   0x000002
.config_8008_BUILD/DEFAULT/DEBUG/CONFIG.O       code   0x008008    program   0x000002
                   .udata      udata   0x0000a0       data   0x000011



                              Program Memory Usage 
                               Start         End      
                           ---------   ---------      
                            0x000000    0x0003d3      
                            0x008007    0x008008      
            982 out of 2311 program addresses used, program memory utilization is 42%



                              Symbols - Sorted by Name
                     Name    Address   Location    Storage File                     
                ---------  ---------  ---------  --------- ---------                
              ADC_COLLECT   0x00039e    program     static /home/garthmadden/PIC_CODE/ADC_LCD/MAIN.asm
                 ADC_INIT   0x00001a    program     extern /home/garthmadden/PIC_CODE/ADC_LCD/ADC_INIT.asm
         ADC_LOOKUP_FIRST   0x00008e    program     extern /home/garthmadden/PIC_CODE/ADC_LCD/TABLE.asm
        ADC_LOOKUP_SECOND   0x00018f    program     extern /home/garthmadden/PIC_CODE/ADC_LCD/TABLE2.asm
         ADC_LOOKUP_THIRD   0x000290    program     extern /home/garthmadden/PIC_CODE/ADC_LCD/TABLE3.asm
                ADC_START   0x000034    program     static /home/garthmadden/PIC_CODE/ADC_LCD/ADC_INIT.asm
                 ADC_TEST   0x000036    program     static /home/garthmadden/PIC_CODE/ADC_LCD/ADC_INIT.asm
           CHANNEL_SELECT   0x000031    program     static /home/garthmadden/PIC_CODE/ADC_LCD/ADC_INIT.asm
                   CURSOR   0x0003b6    program     static /home/garthmadden/PIC_CODE/ADC_LCD/MAIN.asm
                    DELAY   0x00005b    program     extern /home/garthmadden/PIC_CODE/ADC_LCD/LCD_WRITE.asm
                LCD_WRITE   0x000065    program     extern /home/garthmadden/PIC_CODE/ADC_LCD/LCD_WRITE.asm
                     LOOP   0x00005f    program     static /home/garthmadden/PIC_CODE/ADC_LCD/LCD_WRITE.asm
               OSCILLATOR   0x00001d    program     static /home/garthmadden/PIC_CODE/ADC_LCD/ADC_INIT.asm
                PIN_SETUP   0x000020    program     static /home/garthmadden/PIC_CODE/ADC_LCD/ADC_INIT.asm
                    START   0x000391    program     static /home/garthmadden/PIC_CODE/ADC_LCD/MAIN.asm
                   TABLE3   0x000001    program     static /home/garthmadden/PIC_CODE/ADC_LCD/MAIN.asm
                     TEST   0x000054    program     extern /home/garthmadden/PIC_CODE/ADC_LCD/LCD_WRITE.asm
               USART_INIT   0x00003a    program     extern /home/garthmadden/PIC_CODE/ADC_LCD/USART.asm
                    WRITE   0x000395    program     static /home/garthmadden/PIC_CODE/ADC_LCD/MAIN.asm
                   ANSWER   0x0000a4       data     extern /home/garthmadden/PIC_CODE/ADC_LCD/MAIN.asm
                  ANSWER2   0x0000a5       data     extern /home/garthmadden/PIC_CODE/ADC_LCD/MAIN.asm
                   COUNT3   0x0000a3       data     extern /home/garthmadden/PIC_CODE/ADC_LCD/MAIN.asm
                   COUNT4   0x0000a2       data     extern /home/garthmadden/PIC_CODE/ADC_LCD/MAIN.asm
                   COUNT5   0x0000a7       data     extern /home/garthmadden/PIC_CODE/ADC_LCD/MAIN.asm
                  NANSWER   0x0000ab       data     extern /home/garthmadden/PIC_CODE/ADC_LCD/MAIN.asm
                      ONE   0x0000ac       data     extern /home/garthmadden/PIC_CODE/ADC_LCD/MAIN.asm
                     TEMP   0x0000a6       data     extern /home/garthmadden/PIC_CODE/ADC_LCD/MAIN.asm
                    TEMP2   0x0000aa       data     extern /home/garthmadden/PIC_CODE/ADC_LCD/MAIN.asm
                    TEST1   0x0000a8       data     extern /home/garthmadden/PIC_CODE/ADC_LCD/MAIN.asm
                    TEST2   0x0000a9       data     extern /home/garthmadden/PIC_CODE/ADC_LCD/MAIN.asm
                     THAT   0x0000a1       data     extern /home/garthmadden/PIC_CODE/ADC_LCD/MAIN.asm
                     THIS   0x0000a0       data     extern /home/garthmadden/PIC_CODE/ADC_LCD/MAIN.asm
                    THREE   0x0000ae       data     extern /home/garthmadden/PIC_CODE/ADC_LCD/MAIN.asm
                      TWO   0x0000ad       data     extern /home/garthmadden/PIC_CODE/ADC_LCD/MAIN.asm
                 _0COUNT1   0x0000af       data     static /home/garthmadden/PIC_CODE/ADC_LCD/LCD_WRITE.asm
                 _0COUNT2   0x0000b0       data     static /home/garthmadden/PIC_CODE/ADC_LCD/LCD_WRITE.asm



                              Symbols - Sorted by Address
                     Name    Address   Location    Storage File                     
                ---------  ---------  ---------  --------- ---------                
                   TABLE3   0x000001    program     static /home/garthmadden/PIC_CODE/ADC_LCD/MAIN.asm
                 ADC_INIT   0x00001a    program     extern /home/garthmadden/PIC_CODE/ADC_LCD/ADC_INIT.asm
               OSCILLATOR   0x00001d    program     static /home/garthmadden/PIC_CODE/ADC_LCD/ADC_INIT.asm
                PIN_SETUP   0x000020    program     static /home/garthmadden/PIC_CODE/ADC_LCD/ADC_INIT.asm
           CHANNEL_SELECT   0x000031    program     static /home/garthmadden/PIC_CODE/ADC_LCD/ADC_INIT.asm
                ADC_START   0x000034    program     static /home/garthmadden/PIC_CODE/ADC_LCD/ADC_INIT.asm
                 ADC_TEST   0x000036    program     static /home/garthmadden/PIC_CODE/ADC_LCD/ADC_INIT.asm
               USART_INIT   0x00003a    program     extern /home/garthmadden/PIC_CODE/ADC_LCD/USART.asm
                     TEST   0x000054    program     extern /home/garthmadden/PIC_CODE/ADC_LCD/LCD_WRITE.asm
                    DELAY   0x00005b    program     extern /home/garthmadden/PIC_CODE/ADC_LCD/LCD_WRITE.asm
                     LOOP   0x00005f    program     static /home/garthmadden/PIC_CODE/ADC_LCD/LCD_WRITE.asm
                LCD_WRITE   0x000065    program     extern /home/garthmadden/PIC_CODE/ADC_LCD/LCD_WRITE.asm
         ADC_LOOKUP_FIRST   0x00008e    program     extern /home/garthmadden/PIC_CODE/ADC_LCD/TABLE.asm
        ADC_LOOKUP_SECOND   0x00018f    program     extern /home/garthmadden/PIC_CODE/ADC_LCD/TABLE2.asm
         ADC_LOOKUP_THIRD   0x000290    program     extern /home/garthmadden/PIC_CODE/ADC_LCD/TABLE3.asm
                    START   0x000391    program     static /home/garthmadden/PIC_CODE/ADC_LCD/MAIN.asm
                    WRITE   0x000395    program     static /home/garthmadden/PIC_CODE/ADC_LCD/MAIN.asm
              ADC_COLLECT   0x00039e    program     static /home/garthmadden/PIC_CODE/ADC_LCD/MAIN.asm
                   CURSOR   0x0003b6    program     static /home/garthmadden/PIC_CODE/ADC_LCD/MAIN.asm
                     THIS   0x0000a0       data     extern /home/garthmadden/PIC_CODE/ADC_LCD/MAIN.asm
                     THAT   0x0000a1       data     extern /home/garthmadden/PIC_CODE/ADC_LCD/MAIN.asm
                   COUNT4   0x0000a2       data     extern /home/garthmadden/PIC_CODE/ADC_LCD/MAIN.asm
                   COUNT3   0x0000a3       data     extern /home/garthmadden/PIC_CODE/ADC_LCD/MAIN.asm
                   ANSWER   0x0000a4       data     extern /home/garthmadden/PIC_CODE/ADC_LCD/MAIN.asm
                  ANSWER2   0x0000a5       data     extern /home/garthmadden/PIC_CODE/ADC_LCD/MAIN.asm
                     TEMP   0x0000a6       data     extern /home/garthmadden/PIC_CODE/ADC_LCD/MAIN.asm
                   COUNT5   0x0000a7       data     extern /home/garthmadden/PIC_CODE/ADC_LCD/MAIN.asm
                    TEST1   0x0000a8       data     extern /home/garthmadden/PIC_CODE/ADC_LCD/MAIN.asm
                    TEST2   0x0000a9       data     extern /home/garthmadden/PIC_CODE/ADC_LCD/MAIN.asm
                    TEMP2   0x0000aa       data     extern /home/garthmadden/PIC_CODE/ADC_LCD/MAIN.asm
                  NANSWER   0x0000ab       data     extern /home/garthmadden/PIC_CODE/ADC_LCD/MAIN.asm
                      ONE   0x0000ac       data     extern /home/garthmadden/PIC_CODE/ADC_LCD/MAIN.asm
                      TWO   0x0000ad       data     extern /home/garthmadden/PIC_CODE/ADC_LCD/MAIN.asm
                    THREE   0x0000ae       data     extern /home/garthmadden/PIC_CODE/ADC_LCD/MAIN.asm
                 _0COUNT1   0x0000af       data     static /home/garthmadden/PIC_CODE/ADC_LCD/LCD_WRITE.asm
                 _0COUNT2   0x0000b0       data     static /home/garthmadden/PIC_CODE/ADC_LCD/LCD_WRITE.asm


